Content-Type: text/plain; charset="utf-8"
Content-Transfer-Encoding: base64
MIME-Version: 1.0
Subject: [example.com] =?utf-8?b?44Ki44Kr44Km44Oz44OI44GM5pei44Gr5a2Y5Zyo?=
From: webmaster@localhost
To: test12@test.com
Date: Tue, 12 May 2026 04:02:56 +0000
Message-ID: <177855857658.39504.8702241095785717006@ptsol001>

44GT44KT44Gr44Gh44Gv44CBZXhhbXBsZS5jb20g44Gn44GZIQoK44GC44Gq44GfICjjgoLjgZfj
gY/jga/jgbvjgYvjga7oqrDjgYspIOOBjOasoeOBruODoeODvOODq+OCouODieODrOOCueOCkuS9
v+eUqOOBl+OBpuOCouOCq+OCpuODs+ODiOOBrueZu+mMsuOCkuippuOBv+OBvuOBl+OBnzoKCnRl
c3QxMkB0ZXN0LmNvbQoK44GX44GL44GX44CB44GT44Gu44Oh44O844Or44Ki44OJ44Os44K544KS
5L2/55So44GX44Gf44Ki44Kr44Km44Oz44OI44GM44GZ44Gn44Gr5a2Y5Zyo44GX44Gm44GE44G+
44GZ44CC44KC44GX44Ki44Kr44Km44Oz44OI44Gu55m76Yyy44KS5b+Y44KM44Gm44GE44Gf5aC0
5ZCI44Gv44CB44OR44K544Ov44O844OJ44KS5b+Y44KM44Gf44Go44GN44Gu5omL57aa44GN44KS
5Yip55So44GX44Gm44Ki44Kr44Km44Oz44OI44KS5Zue5b6p44GX44Gm44GP44Gg44GV44GEOgoK
aHR0cDovLzEyNy4wLjAuMTo4MDAwL2FjY291bnRzL3Bhc3N3b3JkL3Jlc2V0LwoKZXhhbXBsZS5j
b20g44KS44GU5Yip55So44GE44Gf44Gg44GN44GC44KK44GM44Go44GG44GU44GW44GE44G+44GZ
IQpleGFtcGxlLmNvbQo=

-------------------------------------------------------------------------------
